// Jest Snapshot v1, https://goo.gl/fbAQLP

exports[`Player renders 1`] = `
<styled.section>
  <styled.div>
    <br />
    <styled.div />
  </styled.div>
  <Styled(H5AudioPlayer)
    autoPlay={true}
    src="https://s3-us-west-2.amazonaws.com/s.cdpn.io/557257/wwy.mp3"
  />
</styled.section>
`;
